<?xml version="1.0" encoding="utf-8"?><testsuites name="pytest tests"><testsuite name="pytest" errors="2" failures="0" skipped="0" tests="2" time="0.338" timestamp="2025-06-08T01:10:05.225322+00:00" hostname="pkrvmf6wy0o8zjz"><testcase classname="" name="tests.test_all" time="0.000"><error message="collection failure">ImportError while importing test module '/home/runner/work/c4f/c4f/tests/test_all.py'.
Hint: make sure your test modules/packages have valid Python names.
Traceback:
/opt/hostedtoolcache/Python/3.11.12/x64/lib/python3.11/importlib/__init__.py:126: in import_module
    return _bootstrap._gcd_import(name[level:], package, level)
           ^^^^^^^^^^^^^^^^^^^^^^^^^^^^^^^^^^^^^^^^^^^^^^^^^^^^
tests/test_all.py:6: in &lt;module&gt;
    import c4f
c4f/__init__.py:83: in &lt;module&gt;
    from .cli import run_main as main
c4f/cli.py:26: in &lt;module&gt;
    from rich.panel import Panel
E   ModuleNotFoundError: No module named 'rich'</error></testcase><testcase classname="" name="tests.test_cli" time="0.000"><error message="collection failure">ImportError while importing test module '/home/runner/work/c4f/c4f/tests/test_cli.py'.
Hint: make sure your test modules/packages have valid Python names.
Traceback:
/opt/hostedtoolcache/Python/3.11.12/x64/lib/python3.11/importlib/__init__.py:126: in import_module
    return _bootstrap._gcd_import(name[level:], package, level)
           ^^^^^^^^^^^^^^^^^^^^^^^^^^^^^^^^^^^^^^^^^^^^^^^^^^^^
tests/test_cli.py:14: in &lt;module&gt;
    from rich.panel import Panel
E   ModuleNotFoundError: No module named 'rich'</error></testcase></testsuite></testsuites>